// Jest Snapshot v1, https://goo.gl/fbAQLP

exports[`Team Member Card Data in document is correct 1`] = `
{
  "asFragment": [Function],
  "baseElement": <body>
    <div>
      <div
        class="MuiBox-root css-0"
      >
        <div
          class="MuiPaper-root MuiPaper-elevation MuiPaper-rounded MuiPaper-elevation3 css-18v18mo-MuiPaper-root"
        >
          <div
            class="MuiBox-root css-x8ntnm"
          >
            <header
              class="MuiBox-root css-hkmrg5"
            >
              <h2
                class="MuiTypography-root MuiTypography-body1 css-mzzmr3-MuiTypography-root"
              >
                Vasya
              </h2>
              <a
                class="MuiTypography-root MuiTypography-inherit MuiLink-root MuiLink-underlineAlways css-136cz29-MuiTypography-root-MuiLink-root"
                href=""
              >
                Github
              </a>
            </header>
            <div
              class="MuiBox-root css-ig46ls"
            >
              <div
                class="MuiBox-root css-1szi7j8"
              />
              <p
                class="MuiTypography-root MuiTypography-body1 css-1ncmvc0-MuiTypography-root"
              >
                Developer
              </p>
              <h4
                class="MuiTypography-root MuiTypography-body1 css-1fqel3p-MuiTypography-root"
              >
                Bio
              </h4>
              <h5
                class="MuiTypography-root MuiTypography-body1 css-mzzmr3-MuiTypography-root"
              >
                Lorem ipsum dolor sit amet
              </h5>
            </div>
            <footer
              class="MuiBox-root css-0"
            >
              <h3
                class="MuiTypography-root MuiTypography-body1 css-1fqel3p-MuiTypography-root"
              >
                Contributions
              </h3>
              <div
                class="MuiBox-root css-0"
              >
                <div
                  class="MuiBox-root css-hy5eh7"
                >
                  ✅ 
                  CommerceTools Project Setup
                </div>
              </div>
            </footer>
          </div>
        </div>
      </div>
    </div>
  </body>,
  "container": <div>
    <div
      class="MuiBox-root css-0"
    >
      <div
        class="MuiPaper-root MuiPaper-elevation MuiPaper-rounded MuiPaper-elevation3 css-18v18mo-MuiPaper-root"
      >
        <div
          class="MuiBox-root css-x8ntnm"
        >
          <header
            class="MuiBox-root css-hkmrg5"
          >
            <h2
              class="MuiTypography-root MuiTypography-body1 css-mzzmr3-MuiTypography-root"
            >
              Vasya
            </h2>
            <a
              class="MuiTypography-root MuiTypography-inherit MuiLink-root MuiLink-underlineAlways css-136cz29-MuiTypography-root-MuiLink-root"
              href=""
            >
              Github
            </a>
          </header>
          <div
            class="MuiBox-root css-ig46ls"
          >
            <div
              class="MuiBox-root css-1szi7j8"
            />
            <p
              class="MuiTypography-root MuiTypography-body1 css-1ncmvc0-MuiTypography-root"
            >
              Developer
            </p>
            <h4
              class="MuiTypography-root MuiTypography-body1 css-1fqel3p-MuiTypography-root"
            >
              Bio
            </h4>
            <h5
              class="MuiTypography-root MuiTypography-body1 css-mzzmr3-MuiTypography-root"
            >
              Lorem ipsum dolor sit amet
            </h5>
          </div>
          <footer
            class="MuiBox-root css-0"
          >
            <h3
              class="MuiTypography-root MuiTypography-body1 css-1fqel3p-MuiTypography-root"
            >
              Contributions
            </h3>
            <div
              class="MuiBox-root css-0"
            >
              <div
                class="MuiBox-root css-hy5eh7"
              >
                ✅ 
                CommerceTools Project Setup
              </div>
            </div>
          </footer>
        </div>
      </div>
    </div>
  </div>,
  "debug": [Function],
  "findAllByAltText": [Function],
  "findAllByDisplayValue": [Function],
  "findAllByLabelText": [Function],
  "findAllByPlaceholderText": [Function],
  "findAllByRole": [Function],
  "findAllByTestId": [Function],
  "findAllByText": [Function],
  "findAllByTitle": [Function],
  "findByAltText": [Function],
  "findByDisplayValue": [Function],
  "findByLabelText": [Function],
  "findByPlaceholderText": [Function],
  "findByRole": [Function],
  "findByTestId": [Function],
  "findByText": [Function],
  "findByTitle": [Function],
  "getAllByAltText": [Function],
  "getAllByDisplayValue": [Function],
  "getAllByLabelText": [Function],
  "getAllByPlaceholderText": [Function],
  "getAllByRole": [Function],
  "getAllByTestId": [Function],
  "getAllByText": [Function],
  "getAllByTitle": [Function],
  "getByAltText": [Function],
  "getByDisplayValue": [Function],
  "getByLabelText": [Function],
  "getByPlaceholderText": [Function],
  "getByRole": [Function],
  "getByTestId": [Function],
  "getByText": [Function],
  "getByTitle": [Function],
  "queryAllByAltText": [Function],
  "queryAllByDisplayValue": [Function],
  "queryAllByLabelText": [Function],
  "queryAllByPlaceholderText": [Function],
  "queryAllByRole": [Function],
  "queryAllByTestId": [Function],
  "queryAllByText": [Function],
  "queryAllByTitle": [Function],
  "queryByAltText": [Function],
  "queryByDisplayValue": [Function],
  "queryByLabelText": [Function],
  "queryByPlaceholderText": [Function],
  "queryByRole": [Function],
  "queryByTestId": [Function],
  "queryByText": [Function],
  "queryByTitle": [Function],
  "rerender": [Function],
  "store": {
    "@@observable": [Function],
    "dispatch": [Function],
    "getState": [Function],
    "replaceReducer": [Function],
    "subscribe": [Function],
  },
  "unmount": [Function],
}
`;

exports[`Team Member Card Data in document is correct 2`] = `
{
  "asFragment": [Function],
  "baseElement": <body>
    <div>
      <div
        class="MuiBox-root css-0"
      >
        <div
          class="MuiPaper-root MuiPaper-elevation MuiPaper-rounded MuiPaper-elevation3 css-18v18mo-MuiPaper-root"
        >
          <div
            class="MuiBox-root css-x8ntnm"
          >
            <header
              class="MuiBox-root css-hkmrg5"
            >
              <h2
                class="MuiTypography-root MuiTypography-body1 css-mzzmr3-MuiTypography-root"
              >
                Vasya
              </h2>
              <a
                class="MuiTypography-root MuiTypography-inherit MuiLink-root MuiLink-underlineAlways css-136cz29-MuiTypography-root-MuiLink-root"
                href=""
              >
                Github
              </a>
            </header>
            <div
              class="MuiBox-root css-ig46ls"
            >
              <div
                class="MuiBox-root css-1szi7j8"
              />
              <p
                class="MuiTypography-root MuiTypography-body1 css-1ncmvc0-MuiTypography-root"
              >
                Developer
              </p>
              <h4
                class="MuiTypography-root MuiTypography-body1 css-1fqel3p-MuiTypography-root"
              >
                Bio
              </h4>
              <h5
                class="MuiTypography-root MuiTypography-body1 css-mzzmr3-MuiTypography-root"
              >
                Lorem ipsum dolor sit amet
              </h5>
            </div>
            <footer
              class="MuiBox-root css-0"
            >
              <h3
                class="MuiTypography-root MuiTypography-body1 css-1fqel3p-MuiTypography-root"
              >
                Contributions
              </h3>
              <div
                class="MuiBox-root css-0"
              >
                <div
                  class="MuiBox-root css-hy5eh7"
                >
                  ✅ 
                  CommerceTools Project Setup
                </div>
              </div>
            </footer>
          </div>
        </div>
      </div>
    </div>
  </body>,
  "container": <div>
    <div
      class="MuiBox-root css-0"
    >
      <div
        class="MuiPaper-root MuiPaper-elevation MuiPaper-rounded MuiPaper-elevation3 css-18v18mo-MuiPaper-root"
      >
        <div
          class="MuiBox-root css-x8ntnm"
        >
          <header
            class="MuiBox-root css-hkmrg5"
          >
            <h2
              class="MuiTypography-root MuiTypography-body1 css-mzzmr3-MuiTypography-root"
            >
              Vasya
            </h2>
            <a
              class="MuiTypography-root MuiTypography-inherit MuiLink-root MuiLink-underlineAlways css-136cz29-MuiTypography-root-MuiLink-root"
              href=""
            >
              Github
            </a>
          </header>
          <div
            class="MuiBox-root css-ig46ls"
          >
            <div
              class="MuiBox-root css-1szi7j8"
            />
            <p
              class="MuiTypography-root MuiTypography-body1 css-1ncmvc0-MuiTypography-root"
            >
              Developer
            </p>
            <h4
              class="MuiTypography-root MuiTypography-body1 css-1fqel3p-MuiTypography-root"
            >
              Bio
            </h4>
            <h5
              class="MuiTypography-root MuiTypography-body1 css-mzzmr3-MuiTypography-root"
            >
              Lorem ipsum dolor sit amet
            </h5>
          </div>
          <footer
            class="MuiBox-root css-0"
          >
            <h3
              class="MuiTypography-root MuiTypography-body1 css-1fqel3p-MuiTypography-root"
            >
              Contributions
            </h3>
            <div
              class="MuiBox-root css-0"
            >
              <div
                class="MuiBox-root css-hy5eh7"
              >
                ✅ 
                CommerceTools Project Setup
              </div>
            </div>
          </footer>
        </div>
      </div>
    </div>
  </div>,
  "debug": [Function],
  "findAllByAltText": [Function],
  "findAllByDisplayValue": [Function],
  "findAllByLabelText": [Function],
  "findAllByPlaceholderText": [Function],
  "findAllByRole": [Function],
  "findAllByTestId": [Function],
  "findAllByText": [Function],
  "findAllByTitle": [Function],
  "findByAltText": [Function],
  "findByDisplayValue": [Function],
  "findByLabelText": [Function],
  "findByPlaceholderText": [Function],
  "findByRole": [Function],
  "findByTestId": [Function],
  "findByText": [Function],
  "findByTitle": [Function],
  "getAllByAltText": [Function],
  "getAllByDisplayValue": [Function],
  "getAllByLabelText": [Function],
  "getAllByPlaceholderText": [Function],
  "getAllByRole": [Function],
  "getAllByTestId": [Function],
  "getAllByText": [Function],
  "getAllByTitle": [Function],
  "getByAltText": [Function],
  "getByDisplayValue": [Function],
  "getByLabelText": [Function],
  "getByPlaceholderText": [Function],
  "getByRole": [Function],
  "getByTestId": [Function],
  "getByText": [Function],
  "getByTitle": [Function],
  "queryAllByAltText": [Function],
  "queryAllByDisplayValue": [Function],
  "queryAllByLabelText": [Function],
  "queryAllByPlaceholderText": [Function],
  "queryAllByRole": [Function],
  "queryAllByTestId": [Function],
  "queryAllByText": [Function],
  "queryAllByTitle": [Function],
  "queryByAltText": [Function],
  "queryByDisplayValue": [Function],
  "queryByLabelText": [Function],
  "queryByPlaceholderText": [Function],
  "queryByRole": [Function],
  "queryByTestId": [Function],
  "queryByText": [Function],
  "queryByTitle": [Function],
  "rerender": [Function],
  "store": {
    "@@observable": [Function],
    "dispatch": [Function],
    "getState": [Function],
    "replaceReducer": [Function],
    "subscribe": [Function],
  },
  "unmount": [Function],
}
`;
